14:03:28 **** Build of configuration Debug for project 001_Gpio ****
make -j16 all 
arm-none-eabi-gcc -mcpu=cortex-m4 -g3 -DDEBUG -c -x assembler-with-cpp -MMD -MP -MF"Startup/startup_stm32f407vgtx.d" -MT"Startup/startup_stm32f407vgtx.o" --specs=nano.specs -mfloat-abi=soft -mthumb -o "Startup/startup_stm32f407vgtx.o" "../Startup/startup_stm32f407vgtx.s"
arm-none-eabi-gcc "../Src/main2_toggle.c" -mcpu=cortex-m4 -std=gnu11 -g3 -DUSE_HAL_DRIVER -DSTM32F407xx -c -I../Inc -I"D:/Embedded-C/My_Workspace/hal/001_Gpio/Drivers/CMSIS/Include" -I"D:/Embedded-C/My_Workspace/hal/001_Gpio/Drivers/CMSIS/Device/ST/STM32F4xx/Include" -I"D:/Embedded-C/My_Workspace/hal/001_Gpio/Drivers/STM32F4xx_HAL_Driver/Inc" -O0 -ffunction-sections -fdata-sections -Wall -fstack-usage -fcyclomatic-complexity -MMD -MP -MF"Src/main2_toggle.d" -MT"Src/main2_toggle.o" --specs=nano.specs -mfloat-abi=soft -mthumb -o "Src/main2_toggle.o"
arm-none-eabi-gcc "../Src/syscalls.c" -mcpu=cortex-m4 -std=gnu11 -g3 -DUSE_HAL_DRIVER -DSTM32F407xx -c -I../Inc -I"D:/Embedded-C/My_Workspace/hal/001_Gpio/Drivers/CMSIS/Include" -I"D:/Embedded-C/My_Workspace/hal/001_Gpio/Drivers/CMSIS/Device/ST/STM32F4xx/Include" -I"D:/Embedded-C/My_Workspace/hal/001_Gpio/Drivers/STM32F4xx_HAL_Driver/Inc" -O0 -ffunction-sections -fdata-sections -Wall -fstack-usage -fcyclomatic-complexity -MMD -MP -MF"Src/syscalls.d" -MT"Src/syscalls.o" --specs=nano.specs -mfloat-abi=soft -mthumb -o "Src/syscalls.o"
arm-none-eabi-gcc "../Src/sysmem.c" -mcpu=cortex-m4 -std=gnu11 -g3 -DUSE_HAL_DRIVER -DSTM32F407xx -c -I../Inc -I"D:/Embedded-C/My_Workspace/hal/001_Gpio/Drivers/CMSIS/Include" -I"D:/Embedded-C/My_Workspace/hal/001_Gpio/Drivers/CMSIS/Device/ST/STM32F4xx/Include" -I"D:/Embedded-C/My_Workspace/hal/001_Gpio/Drivers/STM32F4xx_HAL_Driver/Inc" -O0 -ffunction-sections -fdata-sections -Wall -fstack-usage -fcyclomatic-complexity -MMD -MP -MF"Src/sysmem.d" -MT"Src/sysmem.o" --specs=nano.specs -mfloat-abi=soft -mthumb -o "Src/sysmem.o"
arm-none-eabi-gcc "../Src/system_stm32f4xx.c" -mcpu=cortex-m4 -std=gnu11 -g3 -DUSE_HAL_DRIVER -DSTM32F407xx -c -I../Inc -I"D:/Embedded-C/My_Workspace/hal/001_Gpio/Drivers/CMSIS/Include" -I"D:/Embedded-C/My_Workspace/hal/001_Gpio/Drivers/CMSIS/Device/ST/STM32F4xx/Include" -I"D:/Embedded-C/My_Workspace/hal/001_Gpio/Drivers/STM32F4xx_HAL_Driver/Inc" -O0 -ffunction-sections -fdata-sections -Wall -fstack-usage -fcyclomatic-complexity -MMD -MP -MF"Src/system_stm32f4xx.d" -MT"Src/system_stm32f4xx.o" --specs=nano.specs -mfloat-abi=soft -mthumb -o "Src/system_stm32f4xx.o"
arm-none-eabi-gcc "../Drivers/STM32F4xx_HAL_Driver/Src/Legacy/stm32f4xx_hal_can.c" -mcpu=cortex-m4 -std=gnu11 -g3 -DUSE_HAL_DRIVER -DSTM32F407xx -c -I../Inc -I"D:/Embedded-C/My_Workspace/hal/001_Gpio/Drivers/CMSIS/Include" -I"D:/Embedded-C/My_Workspace/hal/001_Gpio/Drivers/CMSIS/Device/ST/STM32F4xx/Include" -I"D:/Embedded-C/My_Workspace/hal/001_Gpio/Drivers/STM32F4xx_HAL_Driver/Inc" -O0 -ffunction-sections -fdata-sections -Wall -fstack-usage -fcyclomatic-complexity -MMD -MP -MF"Drivers/STM32F4xx_HAL_Driver/Src/Legacy/stm32f4xx_hal_can.d" -MT"Drivers/STM32F4xx_HAL_Driver/Src/Legacy/stm32f4xx_hal_can.o" --specs=nano.specs -mfloat-abi=soft -mthumb -o "Drivers/STM32F4xx_HAL_Driver/Src/Legacy/stm32f4xx_hal_can.o"
arm-none-eabi-gcc "../Drivers/STM32F4xx_HAL_Driver/Src/Legacy/stm32f4xx_hal_eth.c" -mcpu=cortex-m4 -std=gnu11 -g3 -DUSE_HAL_DRIVER -DSTM32F407xx -c -I../Inc -I"D:/Embedded-C/My_Workspace/hal/001_Gpio/Drivers/CMSIS/Include" -I"D:/Embedded-C/My_Workspace/hal/001_Gpio/Drivers/CMSIS/Device/ST/STM32F4xx/Include" -I"D:/Embedded-C/My_Workspace/hal/001_Gpio/Drivers/STM32F4xx_HAL_Driver/Inc" -O0 -ffunction-sections -fdata-sections -Wall -fstack-usage -fcyclomatic-complexity -MMD -MP -MF"Drivers/STM32F4xx_HAL_Driver/Src/Legacy/stm32f4xx_hal_eth.d" -MT"Drivers/STM32F4xx_HAL_Driver/Src/Legacy/stm32f4xx_hal_eth.o" --specs=nano.specs -mfloat-abi=soft -mthumb -o "Drivers/STM32F4xx_HAL_Driver/Src/Legacy/stm32f4xx_hal_eth.o"
arm-none-eabi-gcc "../Drivers/STM32F4xx_HAL_Driver/Src/stm32f4xx_hal.c" -mcpu=cortex-m4 -std=gnu11 -g3 -DUSE_HAL_DRIVER -DSTM32F407xx -c -I../Inc -I"D:/Embedded-C/My_Workspace/hal/001_Gpio/Drivers/CMSIS/Include" -I"D:/Embedded-C/My_Workspace/hal/001_Gpio/Drivers/CMSIS/Device/ST/STM32F4xx/Include" -I"D:/Embedded-C/My_Workspace/hal/001_Gpio/Drivers/STM32F4xx_HAL_Driver/Inc" -O0 -ffunction-sections -fdata-sections -Wall -fstack-usage -fcyclomatic-complexity -MMD -MP -MF"Drivers/STM32F4xx_HAL_Driver/Src/stm32f4xx_hal.d" -MT"Drivers/STM32F4xx_HAL_Driver/Src/stm32f4xx_hal.o" --specs=nano.specs -mfloat-abi=soft -mthumb -o "Drivers/STM32F4xx_HAL_Driver/Src/stm32f4xx_hal.o"
arm-none-eabi-gcc "../Drivers/STM32F4xx_HAL_Driver/Src/stm32f4xx_hal_cortex.c" -mcpu=cortex-m4 -std=gnu11 -g3 -DUSE_HAL_DRIVER -DSTM32F407xx -c -I../Inc -I"D:/Embedded-C/My_Workspace/hal/001_Gpio/Drivers/CMSIS/Include" -I"D:/Embedded-C/My_Workspace/hal/001_Gpio/Drivers/CMSIS/Device/ST/STM32F4xx/Include" -I"D:/Embedded-C/My_Workspace/hal/001_Gpio/Drivers/STM32F4xx_HAL_Driver/Inc" -O0 -ffunction-sections -fdata-sections -Wall -fstack-usage -fcyclomatic-complexity -MMD -MP -MF"Drivers/STM32F4xx_HAL_Driver/Src/stm32f4xx_hal_cortex.d" -MT"Drivers/STM32F4xx_HAL_Driver/Src/stm32f4xx_hal_cortex.o" --specs=nano.specs -mfloat-abi=soft -mthumb -o "Drivers/STM32F4xx_HAL_Driver/Src/stm32f4xx_hal_cortex.o"
arm-none-eabi-gcc "../Drivers/STM32F4xx_HAL_Driver/Src/stm32f4xx_hal_dma.c" -mcpu=cortex-m4 -std=gnu11 -g3 -DUSE_HAL_DRIVER -DSTM32F407xx -c -I../Inc -I"D:/Embedded-C/My_Workspace/hal/001_Gpio/Drivers/CMSIS/Include" -I"D:/Embedded-C/My_Workspace/hal/001_Gpio/Drivers/CMSIS/Device/ST/STM32F4xx/Include" -I"D:/Embedded-C/My_Workspace/hal/001_Gpio/Drivers/STM32F4xx_HAL_Driver/Inc" -O0 -ffunction-sections -fdata-sections -Wall -fstack-usage -fcyclomatic-complexity -MMD -MP -MF"Drivers/STM32F4xx_HAL_Driver/Src/stm32f4xx_hal_dma.d" -MT"Drivers/STM32F4xx_HAL_Driver/Src/stm32f4xx_hal_dma.o" --specs=nano.specs -mfloat-abi=soft -mthumb -o "Drivers/STM32F4xx_HAL_Driver/Src/stm32f4xx_hal_dma.o"
arm-none-eabi-gcc "../Drivers/STM32F4xx_HAL_Driver/Src/stm32f4xx_hal_dma_ex.c" -mcpu=cortex-m4 -std=gnu11 -g3 -DUSE_HAL_DRIVER -DSTM32F407xx -c -I../Inc -I"D:/Embedded-C/My_Workspace/hal/001_Gpio/Drivers/CMSIS/Include" -I"D:/Embedded-C/My_Workspace/hal/001_Gpio/Drivers/CMSIS/Device/ST/STM32F4xx/Include" -I"D:/Embedded-C/My_Workspace/hal/001_Gpio/Drivers/STM32F4xx_HAL_Driver/Inc" -O0 -ffunction-sections -fdata-sections -Wall -fstack-usage -fcyclomatic-complexity -MMD -MP -MF"Drivers/STM32F4xx_HAL_Driver/Src/stm32f4xx_hal_dma_ex.d" -MT"Drivers/STM32F4xx_HAL_Driver/Src/stm32f4xx_hal_dma_ex.o" --specs=nano.specs -mfloat-abi=soft -mthumb -o "Drivers/STM32F4xx_HAL_Driver/Src/stm32f4xx_hal_dma_ex.o"
arm-none-eabi-gcc "../Drivers/STM32F4xx_HAL_Driver/Src/stm32f4xx_hal_exti.c" -mcpu=cortex-m4 -std=gnu11 -g3 -DUSE_HAL_DRIVER -DSTM32F407xx -c -I../Inc -I"D:/Embedded-C/My_Workspace/hal/001_Gpio/Drivers/CMSIS/Include" -I"D:/Embedded-C/My_Workspace/hal/001_Gpio/Drivers/CMSIS/Device/ST/STM32F4xx/Include" -I"D:/Embedded-C/My_Workspace/hal/001_Gpio/Drivers/STM32F4xx_HAL_Driver/Inc" -O0 -ffunction-sections -fdata-sections -Wall -fstack-usage -fcyclomatic-complexity -MMD -MP -MF"Drivers/STM32F4xx_HAL_Driver/Src/stm32f4xx_hal_exti.d" -MT"Drivers/STM32F4xx_HAL_Driver/Src/stm32f4xx_hal_exti.o" --specs=nano.specs -mfloat-abi=soft -mthumb -o "Drivers/STM32F4xx_HAL_Driver/Src/stm32f4xx_hal_exti.o"
arm-none-eabi-gcc "../Drivers/STM32F4xx_HAL_Driver/Src/stm32f4xx_hal_flash.c" -mcpu=cortex-m4 -std=gnu11 -g3 -DUSE_HAL_DRIVER -DSTM32F407xx -c -I../Inc -I"D:/Embedded-C/My_Workspace/hal/001_Gpio/Drivers/CMSIS/Include" -I"D:/Embedded-C/My_Workspace/hal/001_Gpio/Drivers/CMSIS/Device/ST/STM32F4xx/Include" -I"D:/Embedded-C/My_Workspace/hal/001_Gpio/Drivers/STM32F4xx_HAL_Driver/Inc" -O0 -ffunction-sections -fdata-sections -Wall -fstack-usage -fcyclomatic-complexity -MMD -MP -MF"Drivers/STM32F4xx_HAL_Driver/Src/stm32f4xx_hal_flash.d" -MT"Drivers/STM32F4xx_HAL_Driver/Src/stm32f4xx_hal_flash.o" --specs=nano.specs -mfloat-abi=soft -mthumb -o "Drivers/STM32F4xx_HAL_Driver/Src/stm32f4xx_hal_flash.o"
arm-none-eabi-gcc "../Drivers/STM32F4xx_HAL_Driver/Src/stm32f4xx_hal_flash_ex.c" -mcpu=cortex-m4 -std=gnu11 -g3 -DUSE_HAL_DRIVER -DSTM32F407xx -c -I../Inc -I"D:/Embedded-C/My_Workspace/hal/001_Gpio/Drivers/CMSIS/Include" -I"D:/Embedded-C/My_Workspace/hal/001_Gpio/Drivers/CMSIS/Device/ST/STM32F4xx/Include" -I"D:/Embedded-C/My_Workspace/hal/001_Gpio/Drivers/STM32F4xx_HAL_Driver/Inc" -O0 -ffunction-sections -fdata-sections -Wall -fstack-usage -fcyclomatic-complexity -MMD -MP -MF"Drivers/STM32F4xx_HAL_Driver/Src/stm32f4xx_hal_flash_ex.d" -MT"Drivers/STM32F4xx_HAL_Driver/Src/stm32f4xx_hal_flash_ex.o" --specs=nano.specs -mfloat-abi=soft -mthumb -o "Drivers/STM32F4xx_HAL_Driver/Src/stm32f4xx_hal_flash_ex.o"
arm-none-eabi-gcc "../Drivers/STM32F4xx_HAL_Driver/Src/stm32f4xx_hal_flash_ramfunc.c" -mcpu=cortex-m4 -std=gnu11 -g3 -DUSE_HAL_DRIVER -DSTM32F407xx -c -I../Inc -I"D:/Embedded-C/My_Workspace/hal/001_Gpio/Drivers/CMSIS/Include" -I"D:/Embedded-C/My_Workspace/hal/001_Gpio/Drivers/CMSIS/Device/ST/STM32F4xx/Include" -I"D:/Embedded-C/My_Workspace/hal/001_Gpio/Drivers/STM32F4xx_HAL_Driver/Inc" -O0 -ffunction-sections -fdata-sections -Wall -fstack-usage -fcyclomatic-complexity -MMD -MP -MF"Drivers/STM32F4xx_HAL_Driver/Src/stm32f4xx_hal_flash_ramfunc.d" -MT"Drivers/STM32F4xx_HAL_Driver/Src/stm32f4xx_hal_flash_ramfunc.o" --specs=nano.specs -mfloat-abi=soft -mthumb -o "Drivers/STM32F4xx_HAL_Driver/Src/stm32f4xx_hal_flash_ramfunc.o"
arm-none-eabi-gcc "../Drivers/STM32F4xx_HAL_Driver/Src/stm32f4xx_hal_gpio.c" -mcpu=cortex-m4 -std=gnu11 -g3 -DUSE_HAL_DRIVER -DSTM32F407xx -c -I../Inc -I"D:/Embedded-C/My_Workspace/hal/001_Gpio/Drivers/CMSIS/Include" -I"D:/Embedded-C/My_Workspace/hal/001_Gpio/Drivers/CMSIS/Device/ST/STM32F4xx/Include" -I"D:/Embedded-C/My_Workspace/hal/001_Gpio/Drivers/STM32F4xx_HAL_Driver/Inc" -O0 -ffunction-sections -fdata-sections -Wall -fstack-usage -fcyclomatic-complexity -MMD -MP -MF"Drivers/STM32F4xx_HAL_Driver/Src/stm32f4xx_hal_gpio.d" -MT"Drivers/STM32F4xx_HAL_Driver/Src/stm32f4xx_hal_gpio.o" --specs=nano.specs -mfloat-abi=soft -mthumb -o "Drivers/STM32F4xx_HAL_Driver/Src/stm32f4xx_hal_gpio.o"
arm-none-eabi-gcc "../Drivers/STM32F4xx_HAL_Driver/Src/stm32f4xx_hal_pwr.c" -mcpu=cortex-m4 -std=gnu11 -g3 -DUSE_HAL_DRIVER -DSTM32F407xx -c -I../Inc -I"D:/Embedded-C/My_Workspace/hal/001_Gpio/Drivers/CMSIS/Include" -I"D:/Embedded-C/My_Workspace/hal/001_Gpio/Drivers/CMSIS/Device/ST/STM32F4xx/Include" -I"D:/Embedded-C/My_Workspace/hal/001_Gpio/Drivers/STM32F4xx_HAL_Driver/Inc" -O0 -ffunction-sections -fdata-sections -Wall -fstack-usage -fcyclomatic-complexity -MMD -MP -MF"Drivers/STM32F4xx_HAL_Driver/Src/stm32f4xx_hal_pwr.d" -MT"Drivers/STM32F4xx_HAL_Driver/Src/stm32f4xx_hal_pwr.o" --specs=nano.specs -mfloat-abi=soft -mthumb -o "Drivers/STM32F4xx_HAL_Driver/Src/stm32f4xx_hal_pwr.o"
arm-none-eabi-gcc "../Drivers/STM32F4xx_HAL_Driver/Src/stm32f4xx_hal_pwr_ex.c" -mcpu=cortex-m4 -std=gnu11 -g3 -DUSE_HAL_DRIVER -DSTM32F407xx -c -I../Inc -I"D:/Embedded-C/My_Workspace/hal/001_Gpio/Drivers/CMSIS/Include" -I"D:/Embedded-C/My_Workspace/hal/001_Gpio/Drivers/CMSIS/Device/ST/STM32F4xx/Include" -I"D:/Embedded-C/My_Workspace/hal/001_Gpio/Drivers/STM32F4xx_HAL_Driver/Inc" -O0 -ffunction-sections -fdata-sections -Wall -fstack-usage -fcyclomatic-complexity -MMD -MP -MF"Drivers/STM32F4xx_HAL_Driver/Src/stm32f4xx_hal_pwr_ex.d" -MT"Drivers/STM32F4xx_HAL_Driver/Src/stm32f4xx_hal_pwr_ex.o" --specs=nano.specs -mfloat-abi=soft -mthumb -o "Drivers/STM32F4xx_HAL_Driver/Src/stm32f4xx_hal_pwr_ex.o"
arm-none-eabi-gcc "../Drivers/STM32F4xx_HAL_Driver/Src/stm32f4xx_hal_rcc.c" -mcpu=cortex-m4 -std=gnu11 -g3 -DUSE_HAL_DRIVER -DSTM32F407xx -c -I../Inc -I"D:/Embedded-C/My_Workspace/hal/001_Gpio/Drivers/CMSIS/Include" -I"D:/Embedded-C/My_Workspace/hal/001_Gpio/Drivers/CMSIS/Device/ST/STM32F4xx/Include" -I"D:/Embedded-C/My_Workspace/hal/001_Gpio/Drivers/STM32F4xx_HAL_Driver/Inc" -O0 -ffunction-sections -fdata-sections -Wall -fstack-usage -fcyclomatic-complexity -MMD -MP -MF"Drivers/STM32F4xx_HAL_Driver/Src/stm32f4xx_hal_rcc.d" -MT"Drivers/STM32F4xx_HAL_Driver/Src/stm32f4xx_hal_rcc.o" --specs=nano.specs -mfloat-abi=soft -mthumb -o "Drivers/STM32F4xx_HAL_Driver/Src/stm32f4xx_hal_rcc.o"
arm-none-eabi-gcc "../Drivers/STM32F4xx_HAL_Driver/Src/stm32f4xx_hal_rcc_ex.c" -mcpu=cortex-m4 -std=gnu11 -g3 -DUSE_HAL_DRIVER -DSTM32F407xx -c -I../Inc -I"D:/Embedded-C/My_Workspace/hal/001_Gpio/Drivers/CMSIS/Include" -I"D:/Embedded-C/My_Workspace/hal/001_Gpio/Drivers/CMSIS/Device/ST/STM32F4xx/Include" -I"D:/Embedded-C/My_Workspace/hal/001_Gpio/Drivers/STM32F4xx_HAL_Driver/Inc" -O0 -ffunction-sections -fdata-sections -Wall -fstack-usage -fcyclomatic-complexity -MMD -MP -MF"Drivers/STM32F4xx_HAL_Driver/Src/stm32f4xx_hal_rcc_ex.d" -MT"Drivers/STM32F4xx_HAL_Driver/Src/stm32f4xx_hal_rcc_ex.o" --specs=nano.specs -mfloat-abi=soft -mthumb -o "Drivers/STM32F4xx_HAL_Driver/Src/stm32f4xx_hal_rcc_ex.o"
arm-none-eabi-gcc -o "001_Gpio.elf" @"objects.list"   -mcpu=cortex-m4 -T"D:\Embedded-C\My_Workspace\hal\001_Gpio\STM32F407VGTX_FLASH.ld" --specs=nosys.specs -Wl,-Map="001_Gpio.map" -Wl,--gc-sections -static --specs=nano.specs -mfloat-abi=soft -mthumb -Wl,--start-group -lc -lm -Wl,--end-group
Finished building target: 001_Gpio.elf
 
arm-none-eabi-size   001_Gpio.elf 
arm-none-eabi-objdump -h -S  001_Gpio.elf  > "001_Gpio.list"
   text	   data	    bss	    dec	    hex	filename
   2536	     20	   1572	   4128	   1020	001_Gpio.elf
Finished building: default.size.stdout
 
Finished building: 001_Gpio.list
 

14:03:30 Build Finished. 0 errors, 0 warnings. (took 1s.571ms)

