17:22:07 **** Incremental Build of configuration Debug for project 004_ADC_Test ****
make -j16 all 
arm-none-eabi-gcc "../Src/main.c" -mcpu=cortex-m4 -std=gnu11 -g3 -DUSE_HAL_DRIVER -DSTM32F407xx -c -I../Inc -I"D:/Embedded-C/My_Workspace/hal/004_ADC_Test/Drivers/CMSIS/Include" -I"D:/Embedded-C/My_Workspace/hal/004_ADC_Test/Drivers/CMSIS/Device/ST/STM32F4xx/Include" -I"D:/Embedded-C/My_Workspace/hal/004_ADC_Test/Drivers/STM32F4xx_HAL_Driver/Inc" -O0 -ffunction-sections -fdata-sections -Wall -fstack-usage -fcyclomatic-complexity -MMD -MP -MF"Src/main.d" -MT"Src/main.o" --specs=nano.specs -mfloat-abi=soft -mthumb -o "Src/main.o"
arm-none-eabi-gcc -o "004_ADC_Test.elf" @"objects.list"   -mcpu=cortex-m4 -T"D:\Embedded-C\My_Workspace\hal\002_UART_Tx_Printf\Debug\STM32F407VGTX_FLASH.ld" --specs=nosys.specs -Wl,-Map="004_ADC_Test.map" -Wl,--gc-sections -static --specs=nano.specs -mfloat-abi=soft -mthumb -Wl,--start-group -lc -lm -Wl,--end-group
Finished building target: 004_ADC_Test.elf
 
arm-none-eabi-size   004_ADC_Test.elf 
arm-none-eabi-objdump -h -S  004_ADC_Test.elf  > "004_ADC_Test.list"
   text	   data	    bss	    dec	    hex	filename
  11472	    112	   2048	  13632	   3540	004_ADC_Test.elf
Finished building: default.size.stdout
 
Finished building: 004_ADC_Test.list
 

17:22:07 Build Finished. 0 errors, 0 warnings. (took 785ms)

