14:03:36 **** Incremental Build of configuration Debug for project 005_MutiInterrupt_EXTI_GPIO ****
make -j16 all 
arm-none-eabi-gcc -mcpu=cortex-m4 -g3 -DDEBUG -c -x assembler-with-cpp -MMD -MP -MF"Startup/startup_stm32f407vgtx.d" -MT"Startup/startup_stm32f407vgtx.o" --specs=nano.specs -mfloat-abi=soft -mthumb -o "Startup/startup_stm32f407vgtx.o" "../Startup/startup_stm32f407vgtx.s"
arm-none-eabi-gcc "../Src/adc.c" -mcpu=cortex-m4 -std=gnu11 -g3 -DUSE_HAL_DRIVER -DSTM32F407xx -c -I../Inc -I"D:/Embedded-C/My_Workspace/hal/005_Interrupt_ADC/Drivers/CMSIS/Include" -I"D:/Embedded-C/My_Workspace/hal/005_Interrupt_ADC/Drivers/CMSIS/Device/ST/STM32F4xx/Include" -I"D:/Embedded-C/My_Workspace/hal/005_Interrupt_ADC/Drivers/STM32F4xx_HAL_Driver/Inc" -O0 -ffunction-sections -fdata-sections -Wall -fstack-usage -fcyclomatic-complexity -MMD -MP -MF"Src/adc.d" -MT"Src/adc.o" --specs=nano.specs -mfloat-abi=soft -mthumb -o "Src/adc.o"
arm-none-eabi-gcc "../Src/main.c" -mcpu=cortex-m4 -std=gnu11 -g3 -DUSE_HAL_DRIVER -DSTM32F407xx -c -I../Inc -I"D:/Embedded-C/My_Workspace/hal/005_Interrupt_ADC/Drivers/CMSIS/Include" -I"D:/Embedded-C/My_Workspace/hal/005_Interrupt_ADC/Drivers/CMSIS/Device/ST/STM32F4xx/Include" -I"D:/Embedded-C/My_Workspace/hal/005_Interrupt_ADC/Drivers/STM32F4xx_HAL_Driver/Inc" -O0 -ffunction-sections -fdata-sections -Wall -fstack-usage -fcyclomatic-complexity -MMD -MP -MF"Src/main.d" -MT"Src/main.o" --specs=nano.specs -mfloat-abi=soft -mthumb -o "Src/main.o"
arm-none-eabi-gcc "../Src/syscalls.c" -mcpu=cortex-m4 -std=gnu11 -g3 -DUSE_HAL_DRIVER -DSTM32F407xx -c -I../Inc -I"D:/Embedded-C/My_Workspace/hal/005_Interrupt_ADC/Drivers/CMSIS/Include" -I"D:/Embedded-C/My_Workspace/hal/005_Interrupt_ADC/Drivers/CMSIS/Device/ST/STM32F4xx/Include" -I"D:/Embedded-C/My_Workspace/hal/005_Interrupt_ADC/Drivers/STM32F4xx_HAL_Driver/Inc" -O0 -ffunction-sections -fdata-sections -Wall -fstack-usage -fcyclomatic-complexity -MMD -MP -MF"Src/syscalls.d" -MT"Src/syscalls.o" --specs=nano.specs -mfloat-abi=soft -mthumb -o "Src/syscalls.o"
arm-none-eabi-gcc "../Src/sysmem.c" -mcpu=cortex-m4 -std=gnu11 -g3 -DUSE_HAL_DRIVER -DSTM32F407xx -c -I../Inc -I"D:/Embedded-C/My_Workspace/hal/005_Interrupt_ADC/Drivers/CMSIS/Include" -I"D:/Embedded-C/My_Workspace/hal/005_Interrupt_ADC/Drivers/CMSIS/Device/ST/STM32F4xx/Include" -I"D:/Embedded-C/My_Workspace/hal/005_Interrupt_ADC/Drivers/STM32F4xx_HAL_Driver/Inc" -O0 -ffunction-sections -fdata-sections -Wall -fstack-usage -fcyclomatic-complexity -MMD -MP -MF"Src/sysmem.d" -MT"Src/sysmem.o" --specs=nano.specs -mfloat-abi=soft -mthumb -o "Src/sysmem.o"
arm-none-eabi-gcc "../Src/system_stm32f4xx.c" -mcpu=cortex-m4 -std=gnu11 -g3 -DUSE_HAL_DRIVER -DSTM32F407xx -c -I../Inc -I"D:/Embedded-C/My_Workspace/hal/005_Interrupt_ADC/Drivers/CMSIS/Include" -I"D:/Embedded-C/My_Workspace/hal/005_Interrupt_ADC/Drivers/CMSIS/Device/ST/STM32F4xx/Include" -I"D:/Embedded-C/My_Workspace/hal/005_Interrupt_ADC/Drivers/STM32F4xx_HAL_Driver/Inc" -O0 -ffunction-sections -fdata-sections -Wall -fstack-usage -fcyclomatic-complexity -MMD -MP -MF"Src/system_stm32f4xx.d" -MT"Src/system_stm32f4xx.o" --specs=nano.specs -mfloat-abi=soft -mthumb -o "Src/system_stm32f4xx.o"
arm-none-eabi-gcc "../Src/uart.c" -mcpu=cortex-m4 -std=gnu11 -g3 -DUSE_HAL_DRIVER -DSTM32F407xx -c -I../Inc -I"D:/Embedded-C/My_Workspace/hal/005_Interrupt_ADC/Drivers/CMSIS/Include" -I"D:/Embedded-C/My_Workspace/hal/005_Interrupt_ADC/Drivers/CMSIS/Device/ST/STM32F4xx/Include" -I"D:/Embedded-C/My_Workspace/hal/005_Interrupt_ADC/Drivers/STM32F4xx_HAL_Driver/Inc" -O0 -ffunction-sections -fdata-sections -Wall -fstack-usage -fcyclomatic-complexity -MMD -MP -MF"Src/uart.d" -MT"Src/uart.o" --specs=nano.specs -mfloat-abi=soft -mthumb -o "Src/uart.o"
arm-none-eabi-gcc "../Drivers/STM32F4xx_HAL_Driver/Src/Legacy/stm32f4xx_hal_can.c" -mcpu=cortex-m4 -std=gnu11 -g3 -DUSE_HAL_DRIVER -DSTM32F407xx -c -I../Inc -I"D:/Embedded-C/My_Workspace/hal/005_Interrupt_ADC/Drivers/CMSIS/Include" -I"D:/Embedded-C/My_Workspace/hal/005_Interrupt_ADC/Drivers/CMSIS/Device/ST/STM32F4xx/Include" -I"D:/Embedded-C/My_Workspace/hal/005_Interrupt_ADC/Drivers/STM32F4xx_HAL_Driver/Inc" -O0 -ffunction-sections -fdata-sections -Wall -fstack-usage -fcyclomatic-complexity -MMD -MP -MF"Drivers/STM32F4xx_HAL_Driver/Src/Legacy/stm32f4xx_hal_can.d" -MT"Drivers/STM32F4xx_HAL_Driver/Src/Legacy/stm32f4xx_hal_can.o" --specs=nano.specs -mfloat-abi=soft -mthumb -o "Drivers/STM32F4xx_HAL_Driver/Src/Legacy/stm32f4xx_hal_can.o"
arm-none-eabi-gcc "../Drivers/STM32F4xx_HAL_Driver/Src/Legacy/stm32f4xx_hal_eth.c" -mcpu=cortex-m4 -std=gnu11 -g3 -DUSE_HAL_DRIVER -DSTM32F407xx -c -I../Inc -I"D:/Embedded-C/My_Workspace/hal/005_Interrupt_ADC/Drivers/CMSIS/Include" -I"D:/Embedded-C/My_Workspace/hal/005_Interrupt_ADC/Drivers/CMSIS/Device/ST/STM32F4xx/Include" -I"D:/Embedded-C/My_Workspace/hal/005_Interrupt_ADC/Drivers/STM32F4xx_HAL_Driver/Inc" -O0 -ffunction-sections -fdata-sections -Wall -fstack-usage -fcyclomatic-complexity -MMD -MP -MF"Drivers/STM32F4xx_HAL_Driver/Src/Legacy/stm32f4xx_hal_eth.d" -MT"Drivers/STM32F4xx_HAL_Driver/Src/Legacy/stm32f4xx_hal_eth.o" --specs=nano.specs -mfloat-abi=soft -mthumb -o "Drivers/STM32F4xx_HAL_Driver/Src/Legacy/stm32f4xx_hal_eth.o"
arm-none-eabi-gcc "../Drivers/STM32F4xx_HAL_Driver/Src/stm32f4xx_hal.c" -mcpu=cortex-m4 -std=gnu11 -g3 -DUSE_HAL_DRIVER -DSTM32F407xx -c -I../Inc -I"D:/Embedded-C/My_Workspace/hal/005_Interrupt_ADC/Drivers/CMSIS/Include" -I"D:/Embedded-C/My_Workspace/hal/005_Interrupt_ADC/Drivers/CMSIS/Device/ST/STM32F4xx/Include" -I"D:/Embedded-C/My_Workspace/hal/005_Interrupt_ADC/Drivers/STM32F4xx_HAL_Driver/Inc" -O0 -ffunction-sections -fdata-sections -Wall -fstack-usage -fcyclomatic-complexity -MMD -MP -MF"Drivers/STM32F4xx_HAL_Driver/Src/stm32f4xx_hal.d" -MT"Drivers/STM32F4xx_HAL_Driver/Src/stm32f4xx_hal.o" --specs=nano.specs -mfloat-abi=soft -mthumb -o "Drivers/STM32F4xx_HAL_Driver/Src/stm32f4xx_hal.o"
arm-none-eabi-gcc "../Drivers/STM32F4xx_HAL_Driver/Src/stm32f4xx_hal_adc.c" -mcpu=cortex-m4 -std=gnu11 -g3 -DUSE_HAL_DRIVER -DSTM32F407xx -c -I../Inc -I"D:/Embedded-C/My_Workspace/hal/005_Interrupt_ADC/Drivers/CMSIS/Include" -I"D:/Embedded-C/My_Workspace/hal/005_Interrupt_ADC/Drivers/CMSIS/Device/ST/STM32F4xx/Include" -I"D:/Embedded-C/My_Workspace/hal/005_Interrupt_ADC/Drivers/STM32F4xx_HAL_Driver/Inc" -O0 -ffunction-sections -fdata-sections -Wall -fstack-usage -fcyclomatic-complexity -MMD -MP -MF"Drivers/STM32F4xx_HAL_Driver/Src/stm32f4xx_hal_adc.d" -MT"Drivers/STM32F4xx_HAL_Driver/Src/stm32f4xx_hal_adc.o" --specs=nano.specs -mfloat-abi=soft -mthumb -o "Drivers/STM32F4xx_HAL_Driver/Src/stm32f4xx_hal_adc.o"
arm-none-eabi-gcc "../Drivers/STM32F4xx_HAL_Driver/Src/stm32f4xx_hal_adc_ex.c" -mcpu=cortex-m4 -std=gnu11 -g3 -DUSE_HAL_DRIVER -DSTM32F407xx -c -I../Inc -I"D:/Embedded-C/My_Workspace/hal/005_Interrupt_ADC/Drivers/CMSIS/Include" -I"D:/Embedded-C/My_Workspace/hal/005_Interrupt_ADC/Drivers/CMSIS/Device/ST/STM32F4xx/Include" -I"D:/Embedded-C/My_Workspace/hal/005_Interrupt_ADC/Drivers/STM32F4xx_HAL_Driver/Inc" -O0 -ffunction-sections -fdata-sections -Wall -fstack-usage -fcyclomatic-complexity -MMD -MP -MF"Drivers/STM32F4xx_HAL_Driver/Src/stm32f4xx_hal_adc_ex.d" -MT"Drivers/STM32F4xx_HAL_Driver/Src/stm32f4xx_hal_adc_ex.o" --specs=nano.specs -mfloat-abi=soft -mthumb -o "Drivers/STM32F4xx_HAL_Driver/Src/stm32f4xx_hal_adc_ex.o"
arm-none-eabi-gcc "../Drivers/STM32F4xx_HAL_Driver/Src/stm32f4xx_hal_cortex.c" -mcpu=cortex-m4 -std=gnu11 -g3 -DUSE_HAL_DRIVER -DSTM32F407xx -c -I../Inc -I"D:/Embedded-C/My_Workspace/hal/005_Interrupt_ADC/Drivers/CMSIS/Include" -I"D:/Embedded-C/My_Workspace/hal/005_Interrupt_ADC/Drivers/CMSIS/Device/ST/STM32F4xx/Include" -I"D:/Embedded-C/My_Workspace/hal/005_Interrupt_ADC/Drivers/STM32F4xx_HAL_Driver/Inc" -O0 -ffunction-sections -fdata-sections -Wall -fstack-usage -fcyclomatic-complexity -MMD -MP -MF"Drivers/STM32F4xx_HAL_Driver/Src/stm32f4xx_hal_cortex.d" -MT"Drivers/STM32F4xx_HAL_Driver/Src/stm32f4xx_hal_cortex.o" --specs=nano.specs -mfloat-abi=soft -mthumb -o "Drivers/STM32F4xx_HAL_Driver/Src/stm32f4xx_hal_cortex.o"
arm-none-eabi-gcc "../Drivers/STM32F4xx_HAL_Driver/Src/stm32f4xx_hal_dma.c" -mcpu=cortex-m4 -std=gnu11 -g3 -DUSE_HAL_DRIVER -DSTM32F407xx -c -I../Inc -I"D:/Embedded-C/My_Workspace/hal/005_Interrupt_ADC/Drivers/CMSIS/Include" -I"D:/Embedded-C/My_Workspace/hal/005_Interrupt_ADC/Drivers/CMSIS/Device/ST/STM32F4xx/Include" -I"D:/Embedded-C/My_Workspace/hal/005_Interrupt_ADC/Drivers/STM32F4xx_HAL_Driver/Inc" -O0 -ffunction-sections -fdata-sections -Wall -fstack-usage -fcyclomatic-complexity -MMD -MP -MF"Drivers/STM32F4xx_HAL_Driver/Src/stm32f4xx_hal_dma.d" -MT"Drivers/STM32F4xx_HAL_Driver/Src/stm32f4xx_hal_dma.o" --specs=nano.specs -mfloat-abi=soft -mthumb -o "Drivers/STM32F4xx_HAL_Driver/Src/stm32f4xx_hal_dma.o"
arm-none-eabi-gcc "../Drivers/STM32F4xx_HAL_Driver/Src/stm32f4xx_hal_dma_ex.c" -mcpu=cortex-m4 -std=gnu11 -g3 -DUSE_HAL_DRIVER -DSTM32F407xx -c -I../Inc -I"D:/Embedded-C/My_Workspace/hal/005_Interrupt_ADC/Drivers/CMSIS/Include" -I"D:/Embedded-C/My_Workspace/hal/005_Interrupt_ADC/Drivers/CMSIS/Device/ST/STM32F4xx/Include" -I"D:/Embedded-C/My_Workspace/hal/005_Interrupt_ADC/Drivers/STM32F4xx_HAL_Driver/Inc" -O0 -ffunction-sections -fdata-sections -Wall -fstack-usage -fcyclomatic-complexity -MMD -MP -MF"Drivers/STM32F4xx_HAL_Driver/Src/stm32f4xx_hal_dma_ex.d" -MT"Drivers/STM32F4xx_HAL_Driver/Src/stm32f4xx_hal_dma_ex.o" --specs=nano.specs -mfloat-abi=soft -mthumb -o "Drivers/STM32F4xx_HAL_Driver/Src/stm32f4xx_hal_dma_ex.o"
arm-none-eabi-gcc "../Drivers/STM32F4xx_HAL_Driver/Src/stm32f4xx_hal_exti.c" -mcpu=cortex-m4 -std=gnu11 -g3 -DUSE_HAL_DRIVER -DSTM32F407xx -c -I../Inc -I"D:/Embedded-C/My_Workspace/hal/005_Interrupt_ADC/Drivers/CMSIS/Include" -I"D:/Embedded-C/My_Workspace/hal/005_Interrupt_ADC/Drivers/CMSIS/Device/ST/STM32F4xx/Include" -I"D:/Embedded-C/My_Workspace/hal/005_Interrupt_ADC/Drivers/STM32F4xx_HAL_Driver/Inc" -O0 -ffunction-sections -fdata-sections -Wall -fstack-usage -fcyclomatic-complexity -MMD -MP -MF"Drivers/STM32F4xx_HAL_Driver/Src/stm32f4xx_hal_exti.d" -MT"Drivers/STM32F4xx_HAL_Driver/Src/stm32f4xx_hal_exti.o" --specs=nano.specs -mfloat-abi=soft -mthumb -o "Drivers/STM32F4xx_HAL_Driver/Src/stm32f4xx_hal_exti.o"
arm-none-eabi-gcc "../Drivers/STM32F4xx_HAL_Driver/Src/stm32f4xx_hal_flash.c" -mcpu=cortex-m4 -std=gnu11 -g3 -DUSE_HAL_DRIVER -DSTM32F407xx -c -I../Inc -I"D:/Embedded-C/My_Workspace/hal/005_Interrupt_ADC/Drivers/CMSIS/Include" -I"D:/Embedded-C/My_Workspace/hal/005_Interrupt_ADC/Drivers/CMSIS/Device/ST/STM32F4xx/Include" -I"D:/Embedded-C/My_Workspace/hal/005_Interrupt_ADC/Drivers/STM32F4xx_HAL_Driver/Inc" -O0 -ffunction-sections -fdata-sections -Wall -fstack-usage -fcyclomatic-complexity -MMD -MP -MF"Drivers/STM32F4xx_HAL_Driver/Src/stm32f4xx_hal_flash.d" -MT"Drivers/STM32F4xx_HAL_Driver/Src/stm32f4xx_hal_flash.o" --specs=nano.specs -mfloat-abi=soft -mthumb -o "Drivers/STM32F4xx_HAL_Driver/Src/stm32f4xx_hal_flash.o"
arm-none-eabi-gcc "../Drivers/STM32F4xx_HAL_Driver/Src/stm32f4xx_hal_flash_ex.c" -mcpu=cortex-m4 -std=gnu11 -g3 -DUSE_HAL_DRIVER -DSTM32F407xx -c -I../Inc -I"D:/Embedded-C/My_Workspace/hal/005_Interrupt_ADC/Drivers/CMSIS/Include" -I"D:/Embedded-C/My_Workspace/hal/005_Interrupt_ADC/Drivers/CMSIS/Device/ST/STM32F4xx/Include" -I"D:/Embedded-C/My_Workspace/hal/005_Interrupt_ADC/Drivers/STM32F4xx_HAL_Driver/Inc" -O0 -ffunction-sections -fdata-sections -Wall -fstack-usage -fcyclomatic-complexity -MMD -MP -MF"Drivers/STM32F4xx_HAL_Driver/Src/stm32f4xx_hal_flash_ex.d" -MT"Drivers/STM32F4xx_HAL_Driver/Src/stm32f4xx_hal_flash_ex.o" --specs=nano.specs -mfloat-abi=soft -mthumb -o "Drivers/STM32F4xx_HAL_Driver/Src/stm32f4xx_hal_flash_ex.o"
arm-none-eabi-gcc "../Drivers/STM32F4xx_HAL_Driver/Src/stm32f4xx_hal_flash_ramfunc.c" -mcpu=cortex-m4 -std=gnu11 -g3 -DUSE_HAL_DRIVER -DSTM32F407xx -c -I../Inc -I"D:/Embedded-C/My_Workspace/hal/005_Interrupt_ADC/Drivers/CMSIS/Include" -I"D:/Embedded-C/My_Workspace/hal/005_Interrupt_ADC/Drivers/CMSIS/Device/ST/STM32F4xx/Include" -I"D:/Embedded-C/My_Workspace/hal/005_Interrupt_ADC/Drivers/STM32F4xx_HAL_Driver/Inc" -O0 -ffunction-sections -fdata-sections -Wall -fstack-usage -fcyclomatic-complexity -MMD -MP -MF"Drivers/STM32F4xx_HAL_Driver/Src/stm32f4xx_hal_flash_ramfunc.d" -MT"Drivers/STM32F4xx_HAL_Driver/Src/stm32f4xx_hal_flash_ramfunc.o" --specs=nano.specs -mfloat-abi=soft -mthumb -o "Drivers/STM32F4xx_HAL_Driver/Src/stm32f4xx_hal_flash_ramfunc.o"
arm-none-eabi-gcc "../Drivers/STM32F4xx_HAL_Driver/Src/stm32f4xx_hal_gpio.c" -mcpu=cortex-m4 -std=gnu11 -g3 -DUSE_HAL_DRIVER -DSTM32F407xx -c -I../Inc -I"D:/Embedded-C/My_Workspace/hal/005_Interrupt_ADC/Drivers/CMSIS/Include" -I"D:/Embedded-C/My_Workspace/hal/005_Interrupt_ADC/Drivers/CMSIS/Device/ST/STM32F4xx/Include" -I"D:/Embedded-C/My_Workspace/hal/005_Interrupt_ADC/Drivers/STM32F4xx_HAL_Driver/Inc" -O0 -ffunction-sections -fdata-sections -Wall -fstack-usage -fcyclomatic-complexity -MMD -MP -MF"Drivers/STM32F4xx_HAL_Driver/Src/stm32f4xx_hal_gpio.d" -MT"Drivers/STM32F4xx_HAL_Driver/Src/stm32f4xx_hal_gpio.o" --specs=nano.specs -mfloat-abi=soft -mthumb -o "Drivers/STM32F4xx_HAL_Driver/Src/stm32f4xx_hal_gpio.o"
arm-none-eabi-gcc "../Drivers/STM32F4xx_HAL_Driver/Src/stm32f4xx_hal_pwr.c" -mcpu=cortex-m4 -std=gnu11 -g3 -DUSE_HAL_DRIVER -DSTM32F407xx -c -I../Inc -I"D:/Embedded-C/My_Workspace/hal/005_Interrupt_ADC/Drivers/CMSIS/Include" -I"D:/Embedded-C/My_Workspace/hal/005_Interrupt_ADC/Drivers/CMSIS/Device/ST/STM32F4xx/Include" -I"D:/Embedded-C/My_Workspace/hal/005_Interrupt_ADC/Drivers/STM32F4xx_HAL_Driver/Inc" -O0 -ffunction-sections -fdata-sections -Wall -fstack-usage -fcyclomatic-complexity -MMD -MP -MF"Drivers/STM32F4xx_HAL_Driver/Src/stm32f4xx_hal_pwr.d" -MT"Drivers/STM32F4xx_HAL_Driver/Src/stm32f4xx_hal_pwr.o" --specs=nano.specs -mfloat-abi=soft -mthumb -o "Drivers/STM32F4xx_HAL_Driver/Src/stm32f4xx_hal_pwr.o"
arm-none-eabi-gcc "../Drivers/STM32F4xx_HAL_Driver/Src/stm32f4xx_hal_pwr_ex.c" -mcpu=cortex-m4 -std=gnu11 -g3 -DUSE_HAL_DRIVER -DSTM32F407xx -c -I../Inc -I"D:/Embedded-C/My_Workspace/hal/005_Interrupt_ADC/Drivers/CMSIS/Include" -I"D:/Embedded-C/My_Workspace/hal/005_Interrupt_ADC/Drivers/CMSIS/Device/ST/STM32F4xx/Include" -I"D:/Embedded-C/My_Workspace/hal/005_Interrupt_ADC/Drivers/STM32F4xx_HAL_Driver/Inc" -O0 -ffunction-sections -fdata-sections -Wall -fstack-usage -fcyclomatic-complexity -MMD -MP -MF"Drivers/STM32F4xx_HAL_Driver/Src/stm32f4xx_hal_pwr_ex.d" -MT"Drivers/STM32F4xx_HAL_Driver/Src/stm32f4xx_hal_pwr_ex.o" --specs=nano.specs -mfloat-abi=soft -mthumb -o "Drivers/STM32F4xx_HAL_Driver/Src/stm32f4xx_hal_pwr_ex.o"
arm-none-eabi-gcc "../Drivers/STM32F4xx_HAL_Driver/Src/stm32f4xx_hal_rcc.c" -mcpu=cortex-m4 -std=gnu11 -g3 -DUSE_HAL_DRIVER -DSTM32F407xx -c -I../Inc -I"D:/Embedded-C/My_Workspace/hal/005_Interrupt_ADC/Drivers/CMSIS/Include" -I"D:/Embedded-C/My_Workspace/hal/005_Interrupt_ADC/Drivers/CMSIS/Device/ST/STM32F4xx/Include" -I"D:/Embedded-C/My_Workspace/hal/005_Interrupt_ADC/Drivers/STM32F4xx_HAL_Driver/Inc" -O0 -ffunction-sections -fdata-sections -Wall -fstack-usage -fcyclomatic-complexity -MMD -MP -MF"Drivers/STM32F4xx_HAL_Driver/Src/stm32f4xx_hal_rcc.d" -MT"Drivers/STM32F4xx_HAL_Driver/Src/stm32f4xx_hal_rcc.o" --specs=nano.specs -mfloat-abi=soft -mthumb -o "Drivers/STM32F4xx_HAL_Driver/Src/stm32f4xx_hal_rcc.o"
arm-none-eabi-gcc "../Drivers/STM32F4xx_HAL_Driver/Src/stm32f4xx_hal_rcc_ex.c" -mcpu=cortex-m4 -std=gnu11 -g3 -DUSE_HAL_DRIVER -DSTM32F407xx -c -I../Inc -I"D:/Embedded-C/My_Workspace/hal/005_Interrupt_ADC/Drivers/CMSIS/Include" -I"D:/Embedded-C/My_Workspace/hal/005_Interrupt_ADC/Drivers/CMSIS/Device/ST/STM32F4xx/Include" -I"D:/Embedded-C/My_Workspace/hal/005_Interrupt_ADC/Drivers/STM32F4xx_HAL_Driver/Inc" -O0 -ffunction-sections -fdata-sections -Wall -fstack-usage -fcyclomatic-complexity -MMD -MP -MF"Drivers/STM32F4xx_HAL_Driver/Src/stm32f4xx_hal_rcc_ex.d" -MT"Drivers/STM32F4xx_HAL_Driver/Src/stm32f4xx_hal_rcc_ex.o" --specs=nano.specs -mfloat-abi=soft -mthumb -o "Drivers/STM32F4xx_HAL_Driver/Src/stm32f4xx_hal_rcc_ex.o"
arm-none-eabi-gcc "../Drivers/STM32F4xx_HAL_Driver/Src/stm32f4xx_hal_uart.c" -mcpu=cortex-m4 -std=gnu11 -g3 -DUSE_HAL_DRIVER -DSTM32F407xx -c -I../Inc -I"D:/Embedded-C/My_Workspace/hal/005_Interrupt_ADC/Drivers/CMSIS/Include" -I"D:/Embedded-C/My_Workspace/hal/005_Interrupt_ADC/Drivers/CMSIS/Device/ST/STM32F4xx/Include" -I"D:/Embedded-C/My_Workspace/hal/005_Interrupt_ADC/Drivers/STM32F4xx_HAL_Driver/Inc" -O0 -ffunction-sections -fdata-sections -Wall -fstack-usage -fcyclomatic-complexity -MMD -MP -MF"Drivers/STM32F4xx_HAL_Driver/Src/stm32f4xx_hal_uart.d" -MT"Drivers/STM32F4xx_HAL_Driver/Src/stm32f4xx_hal_uart.o" --specs=nano.specs -mfloat-abi=soft -mthumb -o "Drivers/STM32F4xx_HAL_Driver/Src/stm32f4xx_hal_uart.o"
arm-none-eabi-gcc "../Drivers/STM32F4xx_HAL_Driver/Src/stm32f4xx_hal_usart.c" -mcpu=cortex-m4 -std=gnu11 -g3 -DUSE_HAL_DRIVER -DSTM32F407xx -c -I../Inc -I"D:/Embedded-C/My_Workspace/hal/005_Interrupt_ADC/Drivers/CMSIS/Include" -I"D:/Embedded-C/My_Workspace/hal/005_Interrupt_ADC/Drivers/CMSIS/Device/ST/STM32F4xx/Include" -I"D:/Embedded-C/My_Workspace/hal/005_Interrupt_ADC/Drivers/STM32F4xx_HAL_Driver/Inc" -O0 -ffunction-sections -fdata-sections -Wall -fstack-usage -fcyclomatic-complexity -MMD -MP -MF"Drivers/STM32F4xx_HAL_Driver/Src/stm32f4xx_hal_usart.d" -MT"Drivers/STM32F4xx_HAL_Driver/Src/stm32f4xx_hal_usart.o" --specs=nano.specs -mfloat-abi=soft -mthumb -o "Drivers/STM32F4xx_HAL_Driver/Src/stm32f4xx_hal_usart.o"
arm-none-eabi-gcc "../Drivers/STM32F4xx_HAL_Driver/Src/stm32f4xx_ll_adc.c" -mcpu=cortex-m4 -std=gnu11 -g3 -DUSE_HAL_DRIVER -DSTM32F407xx -c -I../Inc -I"D:/Embedded-C/My_Workspace/hal/005_Interrupt_ADC/Drivers/CMSIS/Include" -I"D:/Embedded-C/My_Workspace/hal/005_Interrupt_ADC/Drivers/CMSIS/Device/ST/STM32F4xx/Include" -I"D:/Embedded-C/My_Workspace/hal/005_Interrupt_ADC/Drivers/STM32F4xx_HAL_Driver/Inc" -O0 -ffunction-sections -fdata-sections -Wall -fstack-usage -fcyclomatic-complexity -MMD -MP -MF"Drivers/STM32F4xx_HAL_Driver/Src/stm32f4xx_ll_adc.d" -MT"Drivers/STM32F4xx_HAL_Driver/Src/stm32f4xx_ll_adc.o" --specs=nano.specs -mfloat-abi=soft -mthumb -o "Drivers/STM32F4xx_HAL_Driver/Src/stm32f4xx_ll_adc.o"
arm-none-eabi-gcc -o "005_Interrupt_ADC.elf" @"objects.list"   -mcpu=cortex-m4 -T"D:\Embedded-C\My_Workspace\hal\002_UART_Tx_Printf\Debug\STM32F407VGTX_FLASH.ld" --specs=nosys.specs -Wl,-Map="005_Interrupt_ADC.map" -Wl,--gc-sections -static --specs=nano.specs -mfloat-abi=soft -mthumb -Wl,--start-group -lc -lm -Wl,--end-group
Finished building target: 005_Interrupt_ADC.elf
 
arm-none-eabi-size   005_Interrupt_ADC.elf 
arm-none-eabi-objdump -h -S  005_Interrupt_ADC.elf  > "005_Interrupt_ADC.list"
   text	   data	    bss	    dec	    hex	filename
   9816	    112	   1976	  11904	   2e80	005_Interrupt_ADC.elf
Finished building: default.size.stdout
 
Finished building: 005_Interrupt_ADC.list
 

14:03:38 Build Finished. 0 errors, 0 warnings. (took 1s.720ms)

