22:42:18 **** Incremental Build of configuration Debug for project 003_Timer_Test ****
make -j16 all 
arm-none-eabi-gcc "../Src/main.c" -mcpu=cortex-m4 -std=gnu11 -g3 -DUSE_HAL_DRIVER -DSTM32F407xx -c -I../Inc -I"D:/Embedded-C/My_Workspace/hal/003_Timer_Test/Drivers/CMSIS/Include" -I"D:/Embedded-C/My_Workspace/hal/003_Timer_Test/Drivers/CMSIS/Device/ST/STM32F4xx/Include" -I"D:/Embedded-C/My_Workspace/hal/003_Timer_Test/Drivers/STM32F4xx_HAL_Driver/Inc" -O0 -ffunction-sections -fdata-sections -Wall -fstack-usage -fcyclomatic-complexity -MMD -MP -MF"Src/main.d" -MT"Src/main.o" --specs=nano.specs -mfloat-abi=soft -mthumb -o "Src/main.o"
arm-none-eabi-gcc "../Src/tim.c" -mcpu=cortex-m4 -std=gnu11 -g3 -DUSE_HAL_DRIVER -DSTM32F407xx -c -I../Inc -I"D:/Embedded-C/My_Workspace/hal/003_Timer_Test/Drivers/CMSIS/Include" -I"D:/Embedded-C/My_Workspace/hal/003_Timer_Test/Drivers/CMSIS/Device/ST/STM32F4xx/Include" -I"D:/Embedded-C/My_Workspace/hal/003_Timer_Test/Drivers/STM32F4xx_HAL_Driver/Inc" -O0 -ffunction-sections -fdata-sections -Wall -fstack-usage -fcyclomatic-complexity -MMD -MP -MF"Src/tim.d" -MT"Src/tim.o" --specs=nano.specs -mfloat-abi=soft -mthumb -o "Src/tim.o"
arm-none-eabi-gcc -o "003_Timer_Test.elf" @"objects.list"   -mcpu=cortex-m4 -T"D:\Embedded-C\My_Workspace\hal\003_Timer_Test\STM32F407VGTX_FLASH.ld" --specs=nosys.specs -Wl,-Map="003_Timer_Test.map" -Wl,--gc-sections -static --specs=nano.specs -mfloat-abi=soft -mthumb -Wl,--start-group -lc -lm -Wl,--end-group
Finished building target: 003_Timer_Test.elf
 
arm-none-eabi-size   003_Timer_Test.elf 
arm-none-eabi-objdump -h -S  003_Timer_Test.elf  > "003_Timer_Test.list"
   text	   data	    bss	    dec	    hex	filename
  11112	    112	   2048	  13272	   33d8	003_Timer_Test.elf
Finished building: default.size.stdout
 
Finished building: 003_Timer_Test.list
 
22:42:25 **** Incremental Build of configuration Debug for project 003_Timer_Test ****
make -j16 all 
arm-none-eabi-size   003_Timer_Test.elf 
   text	   data	    bss	    dec	    hex	filename
  11112	    112	   2048	  13272	   33d8	003_Timer_Test.elf
Finished building: default.size.stdout
 
