14:56:05 **** Incremental Build of configuration Debug for project 001HelloWorld_OpenOCDsemihosting ****
make -j16 all 
arm-none-eabi-gcc -mcpu=cortex-m4 -g3 -DDEBUG -c -x assembler-with-cpp -MMD -MP -MF"Startup/startup_stm32f407vgtx.d" -MT"Startup/startup_stm32f407vgtx.o" --specs=nano.specs -mfloat-abi=soft -mthumb -o "Startup/startup_stm32f407vgtx.o" "../Startup/startup_stm32f407vgtx.s"
arm-none-eabi-gcc "../Src/main.c" -mcpu=cortex-m4 -std=gnu11 -g3 -DDEBUG -DSTM32 -DSTM32F407G_DISC1 -DSTM32F4 -DSTM32F407VGTx -c -I../Inc -O0 -ffunction-sections -fdata-sections -Wall -fstack-usage -fcyclomatic-complexity -MMD -MP -MF"Src/main.d" -MT"Src/main.o" --specs=nano.specs -mfloat-abi=soft -mthumb -o "Src/main.o"
arm-none-eabi-gcc "../Src/sysmem.c" -mcpu=cortex-m4 -std=gnu11 -g3 -DDEBUG -DSTM32 -DSTM32F407G_DISC1 -DSTM32F4 -DSTM32F407VGTx -c -I../Inc -O0 -ffunction-sections -fdata-sections -Wall -fstack-usage -fcyclomatic-complexity -MMD -MP -MF"Src/sysmem.d" -MT"Src/sysmem.o" --specs=nano.specs -mfloat-abi=soft -mthumb -o "Src/sysmem.o"
arm-none-eabi-gcc -o "001HelloWorld_OpenOCDsemihosting.elf" @"objects.list"   -mcpu=cortex-m4 -T"D:\Embedded-C\My_Workspace\target\001HelloWorld_OpenOCDsemihosting\STM32F407VGTX_FLASH.ld" --specs=nosys.specs -Wl,-Map="001HelloWorld_OpenOCDsemihosting.map" -Wl,--gc-sections -static -specs=rdimon.specs -lc -lrdimon --specs=nano.specs -mfloat-abi=soft -mthumb -Wl,--start-group -lc -lm -Wl,--end-group
Finished building target: 001HelloWorld_OpenOCDsemihosting.elf
 
arm-none-eabi-size   001HelloWorld_OpenOCDsemihosting.elf 
arm-none-eabi-objdump -h -S  001HelloWorld_OpenOCDsemihosting.elf  > "001HelloWorld_OpenOCDsemihosting.list"
   text	   data	    bss	    dec	    hex	filename
   5968	    108	   2076	   8152	   1fd8	001HelloWorld_OpenOCDsemihosting.elf
Finished building: default.size.stdout
 
Finished building: 001HelloWorld_OpenOCDsemihosting.list
 

14:56:05 Build Finished. 0 errors, 0 warnings. (took 404ms)

