21:24:26 **** Build of configuration Debug for project Driver_devlopment ****
make -j16 all 
arm-none-eabi-gcc -mcpu=cortex-m4 -g3 -DDEBUG -c -x assembler-with-cpp -MMD -MP -MF"Startup/startup_stm32f407vgtx.d" -MT"Startup/startup_stm32f407vgtx.o" --specs=nano.specs -mfloat-abi=soft -mthumb -o "Startup/startup_stm32f407vgtx.o" "../Startup/startup_stm32f407vgtx.s"
arm-none-eabi-gcc "../Src/005spi_tx_aurdino.c" -mcpu=cortex-m4 -std=gnu11 -g3 -DDEBUG -DSTM32 -DSTM32F407G_DISC1 -DSTM32F4 -DSTM32F407VGTx -c -I"D:/Embedded-C/My_Workspace/target/Driver_devlopment/Drivers/Inc" -O0 -ffunction-sections -fdata-sections -Wall -fstack-usage -fcyclomatic-complexity -MMD -MP -MF"Src/005spi_tx_aurdino.d" -MT"Src/005spi_tx_aurdino.o" --specs=nano.specs -mfloat-abi=soft -mthumb -o "Src/005spi_tx_aurdino.o"
arm-none-eabi-gcc "../Src/syscalls.c" -mcpu=cortex-m4 -std=gnu11 -g3 -DDEBUG -DSTM32 -DSTM32F407G_DISC1 -DSTM32F4 -DSTM32F407VGTx -c -I"D:/Embedded-C/My_Workspace/target/Driver_devlopment/Drivers/Inc" -O0 -ffunction-sections -fdata-sections -Wall -fstack-usage -fcyclomatic-complexity -MMD -MP -MF"Src/syscalls.d" -MT"Src/syscalls.o" --specs=nano.specs -mfloat-abi=soft -mthumb -o "Src/syscalls.o"
arm-none-eabi-gcc "../Src/sysmem.c" -mcpu=cortex-m4 -std=gnu11 -g3 -DDEBUG -DSTM32 -DSTM32F407G_DISC1 -DSTM32F4 -DSTM32F407VGTx -c -I"D:/Embedded-C/My_Workspace/target/Driver_devlopment/Drivers/Inc" -O0 -ffunction-sections -fdata-sections -Wall -fstack-usage -fcyclomatic-complexity -MMD -MP -MF"Src/sysmem.d" -MT"Src/sysmem.o" --specs=nano.specs -mfloat-abi=soft -mthumb -o "Src/sysmem.o"
arm-none-eabi-gcc "../Drivers/Src/stm3f407xx_gpio_drivers.c" -mcpu=cortex-m4 -std=gnu11 -g3 -DDEBUG -DSTM32 -DSTM32F407G_DISC1 -DSTM32F4 -DSTM32F407VGTx -c -I"D:/Embedded-C/My_Workspace/target/Driver_devlopment/Drivers/Inc" -O0 -ffunction-sections -fdata-sections -Wall -fstack-usage -fcyclomatic-complexity -MMD -MP -MF"Drivers/Src/stm3f407xx_gpio_drivers.d" -MT"Drivers/Src/stm3f407xx_gpio_drivers.o" --specs=nano.specs -mfloat-abi=soft -mthumb -o "Drivers/Src/stm3f407xx_gpio_drivers.o"
arm-none-eabi-gcc "../Drivers/Src/stm3f407xx_spi_drivers.c" -mcpu=cortex-m4 -std=gnu11 -g3 -DDEBUG -DSTM32 -DSTM32F407G_DISC1 -DSTM32F4 -DSTM32F407VGTx -c -I"D:/Embedded-C/My_Workspace/target/Driver_devlopment/Drivers/Inc" -O0 -ffunction-sections -fdata-sections -Wall -fstack-usage -fcyclomatic-complexity -MMD -MP -MF"Drivers/Src/stm3f407xx_spi_drivers.d" -MT"Drivers/Src/stm3f407xx_spi_drivers.o" --specs=nano.specs -mfloat-abi=soft -mthumb -o "Drivers/Src/stm3f407xx_spi_drivers.o"
arm-none-eabi-gcc -o "Driver_devlopment.elf" @"objects.list"   -mcpu=cortex-m4 -T"D:\Embedded-C\My_Workspace\target\Driver_devlopment\STM32F407VGTX_FLASH.ld" --specs=nosys.specs -Wl,-Map="Driver_devlopment.map" -Wl,--gc-sections -static --specs=nano.specs -mfloat-abi=soft -mthumb -Wl,--start-group -lc -lm -Wl,--end-group
Finished building target: Driver_devlopment.elf
 
arm-none-eabi-size   Driver_devlopment.elf 
arm-none-eabi-objdump -h -S  Driver_devlopment.elf  > "Driver_devlopment.list"
   text	   data	    bss	    dec	    hex	filename
   3096	      8	   1568	   4672	   1240	Driver_devlopment.elf
Finished building: default.size.stdout
 
Finished building: Driver_devlopment.list
 
21:24:34 **** Incremental Build of configuration Debug for project Driver_devlopment ****
make -j16 all 
arm-none-eabi-size   Driver_devlopment.elf 
   text	   data	    bss	    dec	    hex	filename
   3096	      8	   1568	   4672	   1240	Driver_devlopment.elf
Finished building: default.size.stdout
 
21:33:05 **** Incremental Build of configuration Debug for project Driver_devlopment ****
make -j16 all 
arm-none-eabi-size   Driver_devlopment.elf 
   text	   data	    bss	    dec	    hex	filename
   3096	      8	   1568	   4672	   1240	Driver_devlopment.elf
Finished building: default.size.stdout
 
21:41:14 **** Incremental Build of configuration Debug for project Driver_devlopment ****
make -j16 all 
arm-none-eabi-size   Driver_devlopment.elf 
   text	   data	    bss	    dec	    hex	filename
   3096	      8	   1568	   4672	   1240	Driver_devlopment.elf
Finished building: default.size.stdout
 
