16:49:27 **** Build of configuration Debug for project Driver_devlopment ****
make -j16 all 
arm-none-eabi-size   Driver_devlopment.elf 
   text	   data	    bss	    dec	    hex	filename
   3252	      8	   1568	   4828	   12dc	Driver_devlopment.elf
Finished building: default.size.stdout
 
16:54:57 **** Incremental Build of configuration Debug for project Driver_devlopment ****
make -j16 all 
arm-none-eabi-size   Driver_devlopment.elf 
   text	   data	    bss	    dec	    hex	filename
   3252	      8	   1568	   4828	   12dc	Driver_devlopment.elf
Finished building: default.size.stdout
 
16:55:23 **** Incremental Build of configuration Debug for project Driver_devlopment ****
make -j16 all 
arm-none-eabi-size   Driver_devlopment.elf 
   text	   data	    bss	    dec	    hex	filename
   3252	      8	   1568	   4828	   12dc	Driver_devlopment.elf
Finished building: default.size.stdout
 
